warning: `VIRTUAL_ENV=/Users/cjm/repos/tatr/.venv` does not match the project environment path `.venv` and will be ignored; use `--active` to target the active environment instead
# PTHR14564 inter-transmembrane loop conservation

Members fetched: 10 (9 from the family index + the fly PAINT seed Q9VEY5)
Length check (live UniProt vs family index; a mismatch aborts the run):
  Q148H0:  198 aa == 198 in PTHR14564-entries.csv
  Q21154:  201 aa == 201 in PTHR14564-entries.csv
  Q3SZ27:  264 aa == 264 in PTHR14564-entries.csv
  Q5NVS6:  266 aa == 266 in PTHR14564-entries.csv
  Q5ZK55:  272 aa == 272 in PTHR14564-entries.csv
  Q6UXV4:  268 aa == 268 in PTHR14564-entries.csv
  Q78IK4:  265 aa == 265 in PTHR14564-entries.csv
  Q9BUR5:  198 aa == 198 in PTHR14564-entries.csv
  Q9DCZ4:  198 aa == 198 in PTHR14564-entries.csv
  Q9VEY5:  226 aa (not in the index)

## Human APOOL topology (from APOOL-uniprot.txt, not re-predicted)
  TRANSIT      1..27   Mitochondrion
  TOPO_DOM    28..110  Mitochondrial intermembrane
  TRANSMEM   111..129  Helical
  TOPO_DOM   130..137  Mitochondrial matrix
  TRANSMEM   138..155  Helical
  TOPO_DOM   156..268  Mitochondrial intermembrane

Inter-TM loop = residues 130-137 = RKGSKFKK (K/R=5, net charge=+5)

## Aligned loop segment per family member

accession  gene       organism                           span         segment          K+R  net
Q148H0     APOO       Bos taurus                         129-135      RGSKIKK          4    +4
Q21154     moma-1     Caenorhabditis elegans             138-145      LKRGPVGR         3    +3
Q3SZ27     APOL       Bos taurus                         130-137      RKGSRFKR         5    +5
Q5NVS6     APOOL      Pongo abelii                       130-137      RKGSKFKK         5    +5
Q5ZK55     APOOL      Gallus gallus                      127-134      RKDSRFKK         5    +4
Q6UXV4     APOOL      Homo sapiens                       130-137      RKGSKFKK         5    +5
Q78IK4     Apool      Mus musculus                       130-137      RKGSRFKK         5    +5
Q9BUR5     APOO       Homo sapiens                       129-135      RGSKIKK          4    +4
Q9DCZ4     Apoo       Mus musculus                       129-135      RGSKIKK          4    +4
Q9VEY5     Mic26-27   Drosophila melanogaster            136-143      ARGGFIKK         3    +3

Members whose aligned inter-TM block carries >=2 K/R and a net positive charge: 10/10

## Human MIC26 (APOO) residues aligned to the human APOOL loop
  Q9BUR5 R129
  Q9BUR5 G130
  Q9BUR5 S131
  Q9BUR5 K132
  Q9BUR5 I133
  Q9BUR5 K134
  Q9BUR5 K135

## Per-position human APOOL loop residues
  Q6UXV4 R130
  Q6UXV4 K131
  Q6UXV4 G132
  Q6UXV4 S133
  Q6UXV4 K134
  Q6UXV4 F135
  Q6UXV4 K136
  Q6UXV4 K137
