# Sequences fetched live from UniProt
  P56377  AP1S2_HUMAN    len=157  seqver=1  sigma1B / AP1S2 (human, target)
  P61966  AP1S1_HUMAN    len=158  seqver=1  sigma1A / AP1S1 (human)
  Q96PC3  AP1S3_HUMAN    len=154  seqver=1  sigma1C / AP1S3 (human)
  P53680  AP2S1_HUMAN    len=142  seqver=2  sigma2 / AP2S1 (human)
  Q92572  AP3S1_HUMAN    len=193  seqver=1  sigma3A / AP3S1 (human)
  Q9DB50  AP1S2_MOUSE    len=160  seqver=1  sigma1B / Ap1s2 (mouse)

# Pairwise identity to AP1S2 (sigma1B, P56377), global BLOSUM62 alignment
  P61966 AP1S1_HUMAN    identity_to_P56377 = 87.3%
  Q96PC3 AP1S3_HUMAN    identity_to_P56377 = 72.5%
  P53680 AP2S1_HUMAN    identity_to_P56377 = 48.9%
  Q92572 AP3S1_HUMAN    identity_to_P56377 = 38.2%
  Q9DB50 AP1S2_MOUSE    identity_to_P56377 = 100.0%

# Dileucine-signal binding residues (PMID:21097499) mapped onto AP1S2 numbering

  comparator P61966 (AP1S1_HUMAN, len 158, 87.3% identical to AP1S2)
    P61966 R15   -> AP1S2 R14    RETAINED           sigma-side basic residue contacting the (D/E) of (D/E)XXXL(L/I); for AP-1 this contact depends mainly on gamma1 Arg15, so sigma1A R15 is weak
    P61966 A63   -> AP1S2 A62    RETAINED           pocket residue; A63D abolishes binding of the tyrosinase signal by gamma1-sigma1A, one of only three sigma1A substitutions that abolish it
    P61966 V88   -> AP1S2 V87    RETAINED           hydrophobic pocket residue; V88D abolishes dileucine-signal binding
    P61966 L101  -> AP1S2 L100   RETAINED           hydrophobic pocket residue; L101A has signal-dependent effects
    P61966 I103  -> AP1S2 I102   RETAINED           hydrophobic pocket residue; I103S abolishes dileucine-signal binding

  comparator P53680 (AP2S1_HUMAN, len 142, 48.9% identical to AP1S2)
    P53680 R15   -> AP1S2 R14    RETAINED           sigma2 R15; R15E inhibits dileucine-signal binding
    P53680 A63   -> AP1S2 A62    RETAINED           sigma2 A63; A63D largely abolishes binding of both Nef and tyrosinase
    P53680 V88   -> AP1S2 V87    RETAINED           sigma2 V88; V88D abolishes dileucine-signal binding
    P53680 N92   -> AP1S2 D91    SUBSTITUTED        sigma2 N92; N92A had no effect on Nef binding but decreased tyrosinase binding - a tolerant, signal-dependent position
    P53680 E100  -> AP1S2 E99    RETAINED           sigma2 E100; E100A largely abolishes binding of both signals
    P53680 L101  -> AP1S2 L100   RETAINED           sigma2 L101; L101A has signal-dependent effects
    P53680 L103  -> AP1S2 I102   SUBSTITUTED        sigma2 L103; L103S abolishes dileucine-signal binding

  comparator Q92572 (AP3S1_HUMAN, len 193, 38.2% identical to AP1S2)
    Q92572 R15   -> AP1S2 R14    RETAINED           sigma3A R15
    Q92572 V94   -> AP1S2 V87    RETAINED           sigma3A V94; V94D decreases dileucine-signal binding
    Q92572 L107  -> AP1S2 L100   RETAINED           sigma3A L107
    Q92572 L109  -> AP1S2 I102   SUBSTITUTED        sigma3A L109; L109S decreases dileucine-signal binding

# sigma1A residue at each sigma2-tested position (the AP-1 counterpart, computed not assumed)
    sigma2 R15   -> sigma1A R15
    sigma2 A63   -> sigma1A A63
    sigma2 V88   -> sigma1A V88
    sigma2 N92   -> sigma1A D92
    sigma2 E100  -> sigma1A E100
    sigma2 L101  -> sigma1A L101
    sigma2 L103  -> sigma1A I103

# Alignment gap structure relative to AP1S2 (P56377, 157 aa)
  P53680 (AP2S1_HUMAN, 142 aa, 48.9% identical over 141 aligned columns)
    AP1S2 positions with no P53680 residue aligned (16): [133, 134, 135, 142, 143, 144, 145, 146, 147, 148, 149, 150, 151, 152, 153, 154]
    P53680 positions with no AP1S2 residue aligned (1): [2]
    mismatched aligned columns: 72
  Q9DB50 (AP1S2_MOUSE, 160 aa, 100.0% identical over 157 aligned columns)
    AP1S2 positions with no Q9DB50 residue aligned (0): []
    Q9DB50 positions with no AP1S2 residue aligned (3): [143, 144, 145]
    mismatched aligned columns: 0 []

wrote sigma_cargo_site.tsv
